<html>
<body>
<pre>
<h1>µVision Build Log</h1>
<h2>Tool Versions:</h2>
IDE-Version: ¦ÌVision V5.15
Copyright (C) 2015 ARM Ltd and ARM Germany GmbH. All rights reserved.
License Information: CAO Microsoft, Microsoft, LIC=0VRDY-I008K-ZDKK6-DKB7Z-J7CGA-9YRDN
 
Tool Versions:
Toolchain:       MDK-ARM Professional  Version: 5.15.0
Toolchain Path:  D:\Keil_v5\ARM\ARMCC\Bin
C Compiler:      Armcc.exe V5.05 update 2 (build 169)
Assembler:       Armasm.exe V5.05 update 2 (build 169)
Linker/Locator:  ArmLink.exe V5.05 update 2 (build 169)
Library Manager: ArmAr.exe V5.05 update 2 (build 169)
Hex Converter:   FromElf.exe V5.05 update 2 (build 169)
CPU DLL:         SARMCM3.DLL V5.15.0
Dialog DLL:      DARMCM1.DLL V1.12.0.0
Target DLL:      NULink\Nu_Link.dll V1.29
Dialog DLL:      TARMCM1.DLL V1.9.0.0
 
<h2>Project:</h2>
E:\RAKProductFile\RAK_Project_File\411ProductFile\rak4x1_host_api_for_keil-1.0.6.1\KEIL\SPI.uvproj
Project File Date:  03/01/2017

<h2>Output:</h2>
*** Using Compiler 'V5.05 update 2 (build 169)', folder: 'D:\Keil_v5\ARM\ARMCC\Bin'
Build target 'SPI'
creating preprocessor file for nano1xx_pdma.c...
creating preprocessor file for nano1xx_gpio.c...
creating preprocessor file for nano1xx_sys.c...
creating preprocessor file for nano1xx_spi.c...
creating preprocessor file for nano1xx_uart.c...
creating preprocessor file for nano1xx_retarget.c...
creating preprocessor file for system_nano1xx.c...
creating preprocessor file for example.c...
creating preprocessor file for hal_init.c...
creating preprocessor file for init_wifi_module.c...
creating preprocessor file for RAK411_API.c...
creating preprocessor file for rak_config_init.c...
creating preprocessor file for rak_spi_apconfig.c...
creating preprocessor file for rak_spi_auto_connect.c...
creating preprocessor file for rak_spi_channel.c...
creating preprocessor file for rak_spi_connect.c...
creating preprocessor file for rak_spi_disconnect.c...
creating preprocessor file for rak_spi_easy_config.c...
creating preprocessor file for rak_spi_get_connect_status.c...
creating preprocessor file for rak_spi_get_rssi.c...
creating preprocessor file for rak_spi_get_storeconfig.c...
creating preprocessor file for rak_spi_get_storeweb.c...
creating preprocessor file for rak_spi_get_version.c...
creating preprocessor file for rak_spi_getscan.c...
creating preprocessor file for rak_spi_interrupt.c...
creating preprocessor file for rak_spi_interrupt_handler.c...
creating preprocessor file for rak_spi_ipconfig_dhcp.c...
creating preprocessor file for rak_spi_ipconfig_query.c...
creating preprocessor file for rak_spi_open_socket.c...
creating preprocessor file for rak_spi_ping.c...
creating preprocessor file for rak_spi_power_mode.c...
creating preprocessor file for rak_spi_psk.c...
creating preprocessor file for rak_spi_query_dns.c...
creating preprocessor file for rak_spi_read_data.c...
creating preprocessor file for rak_spi_read_packet.c...
creating preprocessor file for rak_spi_read_status.c...
creating preprocessor file for rak_spi_reset.c...
creating preprocessor file for rak_spi_scan.c...
creating preprocessor file for rak_spi_send_data.c...
creating preprocessor file for rak_spi_set_ipstatic.c...
creating preprocessor file for rak_spi_set_listen.c...
creating preprocessor file for rak_spi_socket_close.c...
creating preprocessor file for rak_spi_start_web.c...
creating preprocessor file for rak_spi_store_config.c...
creating preprocessor file for rak_spi_store_data.c...
creating preprocessor file for rak_spi_store_web.c...
creating preprocessor file for rak_spi_sys_init.c...
creating preprocessor file for rak_spi_wps.c...
creating preprocessor file for rak_spi_get_tcps.c...
creating preprocessor file for rak_spi_poll_read_data.c...
creating preprocessor file for rak_spi_set_funcbitmap.c...
linking...
Program Size: Code=11100 RO-data=536 RW-data=96 ZI-data=6120  
FromELF: creating hex file...
".\obj\SPI.axf" - 0 Error(s), 0 Warning(s).
</pre>
</body>
</html>
